[register.navfest.in/index.html]
[register.navfest.in/css/form.css]
[register.navfest.in/inc/lib/fontawesome/css/all.min.css.css]
[register.navfest.in/apple-touch-icon.png]
[register.navfest.in/favicon-32x32.png]
[register.navfest.in/favicon-16x16.png]
[register.navfest.in/site.webmanifest]
[backblue.gif]
[fade.gif]
[index.html]
[register.navfest.in/med/logo.png]
[register.navfest.in/med/rise_logo.png]
[www.gstatic.com/firebasejs/8.3.1/firebase-app.js]
[www.gstatic.com/firebasejs/8.3.1/firebase-database.js]
[www.gstatic.com/firebasejs/8.9.1/firebase-auth.js]
[register.navfest.in/index.js]
[register.navfest.in/index.html]
[register.navfest.in/inc/fonts/bold.otf]
[register.navfest.in/inc/fonts/regular.otf]
[register.navfest.in/css/form.css]
[register.navfest.in/inc/fonts/newyork.otf]
[register.navfest.in/inc/lib/fontawesome/webfonts/fa-brands-400.eot]
[register.navfest.in/inc/lib/fontawesome/webfonts/fa-brands-400d41d.eot]
[register.navfest.in/inc/lib/fontawesome/webfonts/fa-brands-400.woff2]
[register.navfest.in/inc/lib/fontawesome/webfonts/fa-brands-400.woff]
[register.navfest.in/inc/lib/fontawesome/webfonts/fa-brands-400.ttf]
[register.navfest.in/inc/lib/fontawesome/webfonts/fa-brands-400.svg]
[register.navfest.in/inc/lib/fontawesome/webfonts/fa-light-300d41d.eot]
[register.navfest.in/inc/lib/fontawesome/webfonts/fa-light-300.eot]
[register.navfest.in/inc/lib/fontawesome/webfonts/fa-light-300.woff2]
[register.navfest.in/inc/lib/fontawesome/webfonts/fa-light-300.woff]
[register.navfest.in/inc/lib/fontawesome/webfonts/fa-light-300.ttf]
[register.navfest.in/inc/lib/fontawesome/webfonts/fa-light-300.svg]
[register.navfest.in/inc/lib/fontawesome/webfonts/fa-regular-400.eot]
[register.navfest.in/inc/lib/fontawesome/webfonts/fa-regular-400d41d.eot]
[register.navfest.in/inc/lib/fontawesome/webfonts/fa-regular-400.woff2]
[register.navfest.in/inc/lib/fontawesome/webfonts/fa-regular-400.woff]
[register.navfest.in/inc/lib/fontawesome/webfonts/fa-regular-400.ttf]
[register.navfest.in/inc/lib/fontawesome/webfonts/fa-regular-400.svg]
[register.navfest.in/inc/lib/fontawesome/webfonts/fa-solid-900.eot]
[register.navfest.in/inc/lib/fontawesome/webfonts/fa-solid-900d41d.eot]
[register.navfest.in/inc/lib/fontawesome/webfonts/fa-solid-900.woff2]
[register.navfest.in/inc/lib/fontawesome/webfonts/fa-solid-900.woff]
[register.navfest.in/inc/lib/fontawesome/webfonts/fa-solid-900.ttf]
[register.navfest.in/inc/lib/fontawesome/css/all.min.css.css]
[register.navfest.in/inc/lib/fontawesome/webfonts/fa-brands-400.svg]
[register.navfest.in/inc/lib/fontawesome/webfonts/fa-light-300.svg]
[register.navfest.in/inc/lib/fontawesome/webfonts/fa-solid-900.svg]
[register.navfest.in/inc/lib/fontawesome/webfonts/fa-regular-400.svg]
[register.navfest.in/inc/lib/fontawesome/webfonts/fa-solid-900.svg]
